C51 COMPILER V6.11  06B                                                                    03/09/2026 13:17:44 PAGE 1   


C51 COMPILER V6.11, COMPILATION OF MODULE 06B
OBJECT MODULE PLACED IN 06b.OBJ
COMPILER INVOKED BY: c:\c51\bin\C51.EXE 06b.c

stmt level    source

   1          #include <REG51.H>
   2          
   3          sbit BZ = P0^0;     // 蜂鳴器接 P0.0
   4          
   5          /* 音階 */
   6          #define DO 0xF22A
   7          #define RE 0xF3C2
   8          #define MI 0xF536
   9          #define FA 0xF5FD
  10          #define SO 0xF729
  11          #define LA 0xF7D0
  12          
  13          /* 歌曲 */
  14          unsigned int code Song[] = {
  15              MI,MI,FA,SO,
  16              SO,FA,MI,RE,
  17              DO,DO,RE,MI,
  18              MI,RE,RE,
  19          
  20              MI,MI,FA,SO,
  21              SO,FA,MI,RE,
  22              DO,DO,RE,MI,
  23              RE,DO,DO
  24          };
  25          
  26          /* 節拍 */
  27          unsigned char code Dur[] = {
  28              2,2,2,2,
  29              2,2,2,2,
  30              2,2,2,2,
  31              2,2,4,
  32          
  33              2,2,2,2,
  34              2,2,2,2,
  35              2,2,2,2,
  36              2,3,4
  37          };
  38          
  39          /* 全域變數 */
  40          unsigned char idx = 0;
  41          unsigned char tick = 0;
  42          bit shortRest = 0;
  43          bit longRest  = 0;
  44          
  45          
  46          /* Timer0 中斷：產生音波 */
  47          void Timer0_ISR(void) interrupt 1
  48          {
  49   1          if(!shortRest && !longRest)
  50   1              BZ = ~BZ;
  51   1      
  52   1          TH0 = Song[idx] >> 8;
  53   1          TL0 = Song[idx] & 0xFF;
  54   1      }
  55          
C51 COMPILER V6.11  06B                                                                    03/09/2026 13:17:44 PAGE 2   

  56          
  57          /* Timer1 中斷：控制節拍 */
  58          void Timer1_ISR(void) interrupt 3
  59          {
  60   1          tick++;
  61   1      
  62   1          /* 音符結束 → 短休止 */
  63   1          if(!shortRest && !longRest && tick >= Dur[idx] * 2)
  64   1          {
  65   2              shortRest = 1;
  66   2              tick = 0;
  67   2              BZ = 0;
  68   2              return;
  69   2          }
  70   1      
  71   1          /* 短休止結束 */
  72   1          if(shortRest && tick >= 1)
  73   1          {
  74   2              shortRest = 0;
  75   2              tick = 0;
  76   2              idx++;
  77   2      
  78   2              /* 小節長休止 */
  79   2              if(idx==4 || idx==8 || idx==12 || idx==15 ||
  80   2                 idx==19 || idx==23 || idx==27 || idx==30)
  81   2              {
  82   3                  longRest = 1;
  83   3                  BZ = 0;
  84   3                  return;
  85   3              }
  86   2      
  87   2              /* 歌曲結束 */
  88   2              if(idx >= sizeof(Song)/sizeof(Song[0]))
  89   2              {
  90   3                  TR0 = 0;
  91   3                  TR1 = 0;
  92   3                  ET0 = 0;
  93   3                  ET1 = 0;
  94   3                  BZ = 0;
  95   3                  return;
  96   3              }
  97   2      
  98   2              TH0 = Song[idx] >> 8;
  99   2              TL0 = Song[idx] & 0xFF;
 100   2              return;
 101   2          }
 102   1      
 103   1          /* 長休止結束 */
 104   1          if(longRest && tick >= 6)
 105   1          {
 106   2              longRest = 0;
 107   2              tick = 0;
 108   2      
 109   2              if(idx >= sizeof(Song)/sizeof(Song[0]))
 110   2              {
 111   3                  TR0 = 0;
 112   3                  TR1 = 0;
 113   3                  ET0 = 0;
 114   3                  ET1 = 0;
 115   3                  BZ = 0;
 116   3                  return;
 117   3              }
C51 COMPILER V6.11  06B                                                                    03/09/2026 13:17:44 PAGE 3   

 118   2      
 119   2              TH0 = Song[idx] >> 8;
 120   2              TL0 = Song[idx] & 0xFF;
 121   2          }
 122   1      }
 123          
 124          
 125          /* 主程式 */
 126          void main(void)
 127          {
 128   1          TMOD = 0x11;      // Timer0、Timer1 都為 Mode1 (16bit)
 129   1      
 130   1          /* Timer0 初始值 */
 131   1          TH0 = Song[0] >> 8;
 132   1          TL0 = Song[0] & 0xFF;
 133   1      
 134   1          /* Timer1 約 50ms */
 135   1          TH1 = 0x3C;
 136   1          TL1 = 0xB0;
 137   1      
 138   1          /* 開中斷 */
 139   1          ET0 = 1;
 140   1          ET1 = 1;
 141   1          EA  = 1;
 142   1      
 143   1          /* 啟動 Timer */
 144   1          TR0 = 1;
 145   1          TR1 = 1;
 146   1      
 147   1          while(1);
 148   1      }


MODULE INFORMATION:   STATIC OVERLAYABLE
   CODE SIZE        =    354    ----
   CONSTANT SIZE    =     90    ----
   XDATA SIZE       =   ----    ----
   PDATA SIZE       =   ----    ----
   DATA SIZE        =      2    ----
   IDATA SIZE       =   ----    ----
   BIT SIZE         =      2    ----
END OF MODULE INFORMATION.


C51 COMPILATION COMPLETE.  0 WARNING(S),  0 ERROR(S)
