BL51 BANKED LINKER/LOCATER V4.21                                                        03/09/2026  13:25:38  PAGE 1


BL51 BANKED LINKER/LOCATER V4.21, INVOKED BY:
C:\C51\BIN\L51 LAST.OBJ TO LAST.ABS


MEMORY MODEL: SMALL


INPUT MODULES INCLUDED:
  LAST.OBJ (LAST)
  C:\C51\LIB\C51S.LIB (?C_STARTUP)
  C:\C51\LIB\C51S.LIB (?C?SIDIV)
  C:\C51\LIB\C51S.LIB (?C?STRCPY)
  C:\C51\LIB\C51S.LIB (STRLEN)
  C:\C51\LIB\C51S.LIB (?C_INIT)
  C:\C51\LIB\C51S.LIB (?C?CLDPTR)
  C:\C51\LIB\C51S.LIB (?C?UIDIV)


LINK MAP OF MODULE:  LAST.ABS (LAST)


            TYPE    BASE      LENGTH    RELOCATION   SEGMENT NAME
            -----------------------------------------------------

            * * * * * * *   D A T A   M E M O R Y   * * * * * * *
            REG     0000H     0008H     ABSOLUTE     "REG BANK 0"
            DATA    0008H     0001H     UNIT         _DATA_GROUP_
                    0009H     0017H                  *** GAP ***
            BIT     0020H.0   0000H.4   UNIT         ?BI?LAST
                    0020H.4   0000H.4                *** GAP ***
            DATA    0021H     001FH     UNIT         ?DT?LAST
            IDATA   0040H     0001H     UNIT         ?STACK

            * * * * * * *   C O D E   M E M O R Y   * * * * * * *
            CODE    0000H     0003H     ABSOLUTE     
                    0003H     0008H                  *** GAP ***
            CODE    000BH     0003H     ABSOLUTE     
                    000EH     000DH                  *** GAP ***
            CODE    001BH     0003H     ABSOLUTE     
                    001EH     07E2H                  *** GAP ***
            CODE    0800H     0199H     UNIT         ?CO?LAST
            CODE    0999H     018DH     UNIT         ?C?LIB_CODE
            CODE    0B26H     00E3H     UNIT         ?PR?TIMER1_ISR?LAST
            CODE    0C09H     008CH     UNIT         ?C_C51STARTUP
            CODE    0C95H     0070H     UNIT         ?PR?SWITCHMODE?LAST
            CODE    0D05H     0058H     UNIT         ?PR?DISPLAYPATTERN?LAST
            CODE    0D5DH     0054H     UNIT         ?PR?TIMER0_ISR?LAST
            CODE    0DB1H     0051H     UNIT         ?PR?LCD_SCROLL?LAST
            CODE    0E02H     0038H     UNIT         ?C_INITSEG
            CODE    0E3AH     0036H     UNIT         ?PR?MAIN?LAST
            CODE    0E70H     0017H     UNIT         ?PR?CHECKBUTTON?LAST
            CODE    0E87H     0015H     UNIT         ?PR?_STRLEN?STRLEN
            CODE    0E9CH     0014H     UNIT         ?PR?LCD_INIT?LAST
            CODE    0EB0H     000FH     UNIT         ?PR?DELAY1MS?LAST
            CODE    0EBFH     000EH     UNIT         ?PR?_COMMAND?LAST
            CODE    0ECDH     000EH     UNIT         ?PR?_DATA?LAST
            CODE    0EDBH     0007H     UNIT         ?PR?DELAY40US?LAST

BL51 BANKED LINKER/LOCATER V4.21                                                      03/09/2026  13:25:38  PAGE 2




OVERLAY MAP OF MODULE:   LAST.ABS (LAST)


SEGMENT                           DATA_GROUP 
  +--> CALLED SEGMENT           START    LENGTH
-----------------------------------------------
?PR?TIMER0_ISR?LAST             -----    -----
  +--> ?CO?LAST

*** NEW ROOT ***************************************************

?PR?TIMER1_ISR?LAST             -----    -----
  +--> ?PR?LCD_SCROLL?LAST
  +--> ?CO?LAST

?PR?LCD_SCROLL?LAST             0008H    0001H
  +--> ?PR?_COMMAND?LAST
  +--> ?PR?_STRLEN?STRLEN
  +--> ?PR?_DATA?LAST

?PR?_COMMAND?LAST               -----    -----
  +--> ?PR?DELAY40US?LAST

?PR?_DATA?LAST                  -----    -----
  +--> ?PR?DELAY40US?LAST

*** NEW ROOT ***************************************************

?C_C51STARTUP                   -----    -----
  +--> ?PR?MAIN?LAST
  +--> ?C_INITSEG

?PR?MAIN?LAST                   -----    -----
  +--> ?PR?LCD_INIT?LAST
  +--> ?CO?LAST
  +--> ?PR?DISPLAYPATTERN?LAST
  +--> ?PR?CHECKBUTTON?LAST

?PR?LCD_INIT?LAST               -----    -----
  +--> ?PR?_COMMAND?LAST

?PR?DISPLAYPATTERN?LAST         -----    -----
  +--> ?CO?LAST
  +--> ?PR?DELAY1MS?LAST

?PR?CHECKBUTTON?LAST            -----    -----
  +--> ?PR?DELAY1MS?LAST
  +--> ?PR?SWITCHMODE?LAST

?PR?SWITCHMODE?LAST             -----    -----
  +--> ?CO?LAST



SYMBOL TABLE OF MODULE:  LAST.ABS (LAST)
BL51 BANKED LINKER/LOCATER V4.21                                                      03/09/2026  13:25:38  PAGE 3



  VALUE           TYPE          NAME
  ----------------------------------

  -------         MODULE        ?C?SIDIV
  C:0999H         PUBLIC        ?C?SIDIV
  -------         ENDMOD        ?C?SIDIV

  -------         MODULE        ?C?STRCPY
  C:0A9BH         PUBLIC        ?C?STRCPY
  -------         ENDMOD        ?C?STRCPY

  -------         MODULE        STRLEN
  C:0E87H         PUBLIC        _STRLEN
  -------         ENDMOD        STRLEN

  -------         MODULE        ?C?CLDPTR
  C:0AB8H         PUBLIC        ?C?CLDPTR
  -------         ENDMOD        ?C?CLDPTR

  -------         MODULE        ?C?UIDIV
  C:0AD1H         PUBLIC        ?C?UIDIV
  -------         ENDMOD        ?C?UIDIV

******************************************************************************
* RESTRICTED VERSION WITH 0800H BYTE CODE SIZE LIMIT; USED: 04B9H BYTE (59%) *
******************************************************************************

LINK/LOCATE RUN COMPLETE.  0 WARNING(S),  0 ERROR(S)
